]0;~/not_synced_git/AWIPEV-CO2-git[?1034hMacBook-Pro-de-Samir-2:AWIPEV-CO2-git samir$ [KMacBook-Pro-de-Samir-2:AWIPEV-CO2-git samir$ git pull awipev master
fatal: 'awipev' does not appear to be a git repository
fatal: Could not read from remote repository.

Please make sure you have the correct access rights
and the repository exists.
]0;~/not_synced_git/AWIPEV-CO2-gitMacBook-Pro-de-Samir-2:AWIPEV-CO2-git samir$ git pull awipev master[1Pmaster/master
fatal: 'awipev/master' does not appear to be a git repository
fatal: Could not read from remote repository.

Please make sure you have the correct access rights
and the repository exists.
]0;~/not_synced_git/AWIPEV-CO2-gitMacBook-Pro-de-Samir-2:AWIPEV-CO2-git samir$ git pull awipev/master master[1P[1@A
From https://github.com/jpgattuso/AWIPEV-CO2-git
 * branch            master     -> FETCH_HEAD
Already up to date.
]0;~/not_synced_git/AWIPEV-CO2-gitMacBook-Pro-de-Samir-2:AWIPEV-CO2-git samir$ git c[K-am c[K[K[K[K[Kcommit -am "TA pero[Kiods updates[Kd"
[master 624e8f8] TA periods updated
 1 file changed, 34 insertions(+), 23 deletions(-)
]0;~/not_synced_git/AWIPEV-CO2-gitMacBook-Pro-de-Samir-2:AWIPEV-CO2-git samir$ git push origin master
Enumerating objects: 14, done.
Counting objects:   7% (1/14)   Counting objects:  14% (2/14)   Counting objects:  21% (3/14)   Counting objects:  28% (4/14)   Counting objects:  35% (5/14)   Counting objects:  42% (6/14)   Counting objects:  50% (7/14)   Counting objects:  57% (8/14)   Counting objects:  64% (9/14)   Counting objects:  71% (10/14)   Counting objects:  78% (11/14)   Counting objects:  85% (12/14)   Counting objects:  92% (13/14)   Counting objects: 100% (14/14)   Counting objects: 100% (14/14), done.
Delta compression using up to 4 threads
Compressing objects:  10% (1/10)   Compressing objects:  20% (2/10)   Compressing objects:  30% (3/10)   Compressing objects:  40% (4/10)   Compressing objects:  50% (5/10)   Compressing objects:  60% (6/10)   Compressing objects:  70% (7/10)   Compressing objects:  80% (8/10)   Compressing objects:  90% (9/10)   Compressing objects: 100% (10/10)   Compressing objects: 100% (10/10), done.
Writing objects:  10% (1/10)   Writing objects:  20% (2/10)   Writing objects:  30% (3/10)   Writing objects:  40% (4/10)   Writing objects:  50% (5/10)   Writing objects:  60% (6/10)   Writing objects:  70% (7/10)   Writing objects:  80% (8/10)   Writing objects:  90% (9/10)   Writing objects: 100% (10/10)   Writing objects: 100% (10/10), 2.56 KiB | 69.00 KiB/s, done.
Total 10 (delta 6), reused 0 (delta 0)
remote: Resolving deltas:   0% (0/6)   [Kremote: Resolving deltas:  50% (3/6)   [Kremote: Resolving deltas: 100% (6/6)   [Kremote: Resolving deltas: 100% (6/6), completed with 2 local objects.[K
To https://github.com/samirLOV1/AWIPEV-CO2-git.git
   5d1dd34..624e8f8  master -> master
]0;~/not_synced_git/AWIPEV-CO2-gitMacBook-Pro-de-Samir-2:AWIPEV-CO2-git samir$ git pull Awipev/master
fatal: 'Awipev/master' does not appear to be a git repository
fatal: Could not read from remote repository.

Please make sure you have the correct access rights
and the repository exists.
]0;~/not_synced_git/AWIPEV-CO2-gitMacBook-Pro-de-Samir-2:AWIPEV-CO2-git samir$ git pull Awipev/master[1Pmaster master
From https://github.com/jpgattuso/AWIPEV-CO2-git
 * branch            master     -> FETCH_HEAD
Already up to date.
]0;~/not_synced_git/AWIPEV-CO2-gitMacBook-Pro-de-Samir-2:AWIPEV-CO2-git samir$ git commit -am "TA calibration part updated"
[master d514945] TA calibration part updated
 1 file changed, 3 insertions(+), 1 deletion(-)
]0;~/not_synced_git/AWIPEV-CO2-gitMacBook-Pro-de-Samir-2:AWIPEV-CO2-git samir$ git push orin[Kgin master
Enumerating objects: 5, done.
Counting objects:  20% (1/5)   Counting objects:  40% (2/5)   Counting objects:  60% (3/5)   Counting objects:  80% (4/5)   Counting objects: 100% (5/5)   Counting objects: 100% (5/5), done.
Delta compression using up to 4 threads
Compressing objects:  33% (1/3)   Compressing objects:  66% (2/3)   Compressing objects: 100% (3/3)   Compressing objects: 100% (3/3), done.
Writing objects:  33% (1/3)   Writing objects:  66% (2/3)   Writing objects: 100% (3/3)   Writing objects: 100% (3/3), 815 bytes | 815.00 KiB/s, done.
Total 3 (delta 2), reused 0 (delta 0)
remote: Resolving deltas:   0% (0/2)   [Kremote: Resolving deltas:  50% (1/2)   [Kremote: Resolving deltas: 100% (2/2)   [Kremote: Resolving deltas: 100% (2/2), completed with 2 local objects.[K
To https://github.com/samirLOV1/AWIPEV-CO2-git.git
   624e8f8..d514945  master -> master
git pull awipev origin[K[K[K[K[K[Kmaster
fatal: 'awipev' does not appear to be a git repository
fatal: Could not read from remote repository.

Please make sure you have the correct access rights
and the repository exists.
]0;~/not_synced_git/AWIPEV-CO2-gitmacbook-pro-de-samir:AWIPEV-CO2-git samir$ git pull awipev master[K[K[K[K[K[K[K[K[K[K[K[K[K[K[K[K[K[K[K remote -v
Awipev	https://github.com/jpgattuso/AWIPEV-CO2-git.git (fetch)
Awipev	https://github.com/jpgattuso/AWIPEV-CO2-git.git (push)
origin	https://github.com/samirLOV1/AWIPEV-CO2-git.git (fetch)
origin	https://github.com/samirLOV1/AWIPEV-CO2-git.git (push)
]0;~/not_synced_git/AWIPEV-CO2-gitmacbook-pro-de-samir:AWIPEV-CO2-git samir$ git remote -vpull awipev master[1P[1@A
remote: Enumerating objects: 1, done.[K
remote: Counting objects: 100% (1/1)   [Kremote: Counting objects: 100% (1/1), done.[K
remote: Total 1 (delta 0), reused 0 (delta 0), pack-reused 0[K
Unpacking objects: 100% (1/1)   Unpacking objects: 100% (1/1), done.
From https://github.com/jpgattuso/AWIPEV-CO2-git
 * branch            master     -> FETCH_HEAD
   f9d078d..9923997  master     -> Awipev/master
Updating d514945..9923997
Fast-forward
]0;~/not_synced_git/AWIPEV-CO2-gitmacbook-pro-de-samir:AWIPEV-CO2-git samir$ [Kmacbook-pro-de-samir:AWIPEV-CO2-git samir$ git a[Kcommit -am "path to access to data server chage[K[Knged in reason of the nex[Kws [K[K server name"
[master a147404] path to access to data server changed in reason of the new server name
 1 file changed, 10 insertions(+), 2 deletions(-)
]0;~/not_synced_git/AWIPEV-CO2-gitmacbook-pro-de-samir:AWIPEV-CO2-git samir$ git commit -am "path to access to data server changed in reason of the new server name"[1P"[1P"[1P"[1P"[1P"[1P"[1P"[1P"[1P"[1P"[1P"[1P"[1P"[1P"[1P"[1P"[1P"[1P"[1P"[1P"[1P"[1P"[1P"[1P"[1P"[1P"[1P"[1P"[1P"[1P"[1P"[1P"[1P"[1P"[1P"[1P"[1P"[1P"[1P"[1P"[1P"[1P"[1P"[1P"[1P"[1P"[1P"[1P"[1P"[1P"[1P"[1P"[1P"[1P"[1P"[1P"[1P"[1P"[1P"[1P"[1P"[1P"[1P"[1P"[1P"[1P"[1P"[1P"[1P"[1P"w"i"k"i" "d"o"c"u"m"e"n"t" "+" "d"a"t"a" "s"h"e"e"t"[1P"[1P"[1P"[1P"[1P"[1P"[1P"a"s"h"e"e"t" "l"o"g"f"i"l"e" "a"d"d"[1P"[1P"[1P"l"i"n"k"s" "a"d"d"e"d"
On branch master
Your branch is ahead of 'origin/master' by 2 commits.
  (use "git push" to publish your local commits)

Untracked files:
	[31m.Rhistory[m
	[31m.Rproj.user/[m
	[31mAWIPEV-CO2-git.Rproj[m
	[31mawipev-CO2.html[m

nothing added to commit but untracked files present
]0;~/not_synced_git/AWIPEV-CO2-gitmacbook-pro-de-samir:AWIPEV-CO2-git samir$ git commit -am "wiki document + datasheet logfile links added"[K[K[K[K[K[K[K[K[K[K[K[K[K[K[K[K[K[K[K[K[K[K[K[K[K[K[K[K[K[K[K[K[K[K[K[K[K[K[K[K[K[K[K[K[K[K[K[K[K[K[K[K[K[K[K[K[K[Kpush origin master
Enumerating objects: 8, done.
Counting objects:  12% (1/8)   Counting objects:  25% (2/8)   Counting objects:  37% (3/8)   Counting objects:  50% (4/8)   Counting objects:  62% (5/8)   Counting objects:  75% (6/8)   Counting objects:  87% (7/8)   Counting objects: 100% (8/8)   Counting objects: 100% (8/8), done.
Delta compression using up to 4 threads
Compressing objects:  25% (1/4)   Compressing objects:  50% (2/4)   Compressing objects:  75% (3/4)   Compressing objects: 100% (4/4)   Compressing objects: 100% (4/4), done.
Writing objects:  25% (1/4)   Writing objects:  50% (2/4)   Writing objects:  75% (3/4)   Writing objects: 100% (4/4)   Writing objects: 100% (4/4), 1.41 KiB | 1.41 MiB/s, done.
Total 4 (delta 2), reused 0 (delta 0)
^[[Aremote: Resolving deltas:   0% (0/2)   [Kremote: Resolving deltas:  50% (1/2)   [Kremote: Resolving deltas: 100% (2/2)   [Kremote: Resolving deltas: 100% (2/2), completed with 2 local objects.[K
^[[ATo https://github.com/samirLOV1/AWIPEV-CO2-git.git
   d514945..a147404  master -> master
]0;~/not_synced_git/AWIPEV-CO2-gitmacbook-pro-de-samir:AWIPEV-CO2-git samir$ git push origin mastercommit -am "wiki document + datasheet logfile links added"path to access to data server changed in reason of the new server name"[C[C[C[C[C[C[C[C[C[C[C[C[C[C[C[C[C[C[C[C[C[C[C[C[C[C[C[C[C[C[C[C[C[C[C[C[C[C[C[C[C[C[C[C[C[C[C[C[C[C[C[C[C[C[C[C[C[C[C[25Pwiki document + datasheet logfile links added"
On branch master
Your branch is up to date with 'origin/master'.

Untracked files:
	[31m.Rhistory[m
	[31m.Rproj.user/[m
	[31mAWIPEV-CO2-git.Rproj[m
	[31mawipev-CO2.html[m

nothing added to commit but untracked files present
]0;~/not_synced_git/AWIPEV-CO2-gitmacbook-pro-de-samir:AWIPEV-CO2-git samir$ git commit -am "wiki document + datasheet logfile links added"[C[C[C[C[C[C[C[C[C[C[C[C[C[C[C[C[C[C[C[C[C[C[C[C[C[C[C[C[C[C[C[C[C[C[C[C[C[C[C[C[C[C[C[C[C[C[Cpush origin master[K
Everything up-to-date
[KMacBook-Pro-de-Samir-2:AWIPEV-CO2-git samir$ git -v remote
unknown option: -v
usage: git [--version] [--help] [-C <path>] [-c <name>=<value>]
           [--exec-path[=<path>]] [--html-path] [--man-path] [--info-path]
           [-p | --paginate | -P | --no-pager] [--no-replace-objects] [--bare]
           [--git-dir=<path>] [--work-tree=<path>] [--namespace=<name>]
           <command> [<args>]
]0;~/not_synced_git/AWIPEV-CO2-gitMacBook-Pro-de-Samir-2:AWIPEV-CO2-git samir$ git remote -v
Awipev	https://github.com/jpgattuso/AWIPEV-CO2-git.git (fetch)
Awipev	https://github.com/jpgattuso/AWIPEV-CO2-git.git (push)
origin	https://github.com/samirLOV1/AWIPEV-CO2-git.git (fetch)
origin	https://github.com/samirLOV1/AWIPEV-CO2-git.git (push)
]0;~/not_synced_git/AWIPEV-CO2-gitMacBook-Pro-de-Samir-2:AWIPEV-CO2-git samir$ git Awipev master
git: 'Awipev' is not a git command. See 'git --help'.
]0;~/not_synced_git/AWIPEV-CO2-gitMacBook-Pro-de-Samir-2:AWIPEV-CO2-git samir$ git pull Awipev master
remote: Enumerating objects: 51, done.[K
remote: Counting objects:   1% (1/51)   [Kremote: Counting objects:   3% (2/51)   [Kremote: Counting objects:   5% (3/51)   [Kremote: Counting objects:   7% (4/51)   [Kremote: Counting objects:   9% (5/51)   [Kremote: Counting objects:  11% (6/51)   [Kremote: Counting objects:  13% (7/51)   [Kremote: Counting objects:  15% (8/51)   [Kremote: Counting objects:  17% (9/51)   [Kremote: Counting objects:  19% (10/51)   [Kremote: Counting objects:  21% (11/51)   [Kremote: Counting objects:  23% (12/51)   [Kremote: Counting objects:  25% (13/51)   [Kremote: Counting objects:  27% (14/51)   [Kremote: Counting objects:  29% (15/51)   [Kremote: Counting objects:  31% (16/51)   [Kremote: Counting objects:  33% (17/51)   [Kremote: Counting objects:  35% (18/51)   [Kremote: Counting objects:  37% (19/51)   [Kremote: Counting objects:  39% (20/51)   [Kremote: Counting objects:  41% (21/51)   [Kremote: Counting objects:  43% (22/51)   [Kremote: Counting objects:  45% (23/51)   [Kremote: Counting objects:  47% (24/51)   [Kremote: Counting objects:  49% (25/51)   [Kremote: Counting objects:  50% (26/51)   [Kremote: Counting objects:  52% (27/51)   [Kremote: Counting objects:  54% (28/51)   [Kremote: Counting objects:  56% (29/51)   [Kremote: Counting objects:  58% (30/51)   [Kremote: Counting objects:  60% (31/51)   [Kremote: Counting objects:  62% (32/51)   [Kremote: Counting objects:  64% (33/51)   [Kremote: Counting objects:  66% (34/51)   [Kremote: Counting objects:  68% (35/51)   [Kremote: Counting objects:  70% (36/51)   [Kremote: Counting objects:  72% (37/51)   [Kremote: Counting objects:  74% (38/51)   [Kremote: Counting objects:  76% (39/51)   [Kremote: Counting objects:  78% (40/51)   [Kremote: Counting objects:  80% (41/51)   [Kremote: Counting objects:  82% (42/51)   [Kremote: Counting objects:  84% (43/51)   [Kremote: Counting objects:  86% (44/51)   [Kremote: Counting objects:  88% (45/51)   [Kremote: Counting objects:  90% (46/51)   [Kremote: Counting objects:  92% (47/51)   [Kremote: Counting objects:  94% (48/51)   [Kremote: Counting objects:  96% (49/51)   [Kremote: Counting objects:  98% (50/51)   [Kremote: Counting objects: 100% (51/51)   [Kremote: Counting objects: 100% (51/51), done.[K
remote: Compressing objects:   3% (1/29)   [Kremote: Compressing objects:   6% (2/29)   [Kremote: Compressing objects:  10% (3/29)   [Kremote: Compressing objects:  13% (4/29)   [Kremote: Compressing objects:  17% (5/29)   [Kremote: Compressing objects:  20% (6/29)   [Kremote: Compressing objects:  24% (7/29)   [Kremote: Compressing objects:  27% (8/29)   [Kremote: Compressing objects:  31% (9/29)   [Kremote: Compressing objects:  34% (10/29)   [Kremote: Compressing objects:  37% (11/29)   [Kremote: Compressing objects:  41% (12/29)   [Kremote: Compressing objects:  44% (13/29)   [Kremote: Compressing objects:  48% (14/29)   [Kremote: Compressing objects:  51% (15/29)   [Kremote: Compressing objects:  55% (16/29)   [Kremote: Compressing objects:  58% (17/29)   [Kremote: Compressing objects:  62% (18/29)   [Kremote: Compressing objects:  65% (19/29)   [Kremote: Compressing objects:  68% (20/29)   [Kremote: Compressing objects:  72% (21/29)   [Kremote: Compressing objects:  75% (22/29)   [Kremote: Compressing objects:  79% (23/29)   [Kremote: Compressing objects:  82% (24/29)   [Kremote: Compressing objects:  86% (25/29)   [Kremote: Compressing objects:  89% (26/29)   [Kremote: Compressing objects:  93% (27/29)   [Kremote: Compressing objects:  96% (28/29)   [Kremote: Compressing objects: 100% (29/29)   [Kremote: Compressing objects: 100% (29/29), done.[K
Receiving objects:   0% (1/161)   Receiving objects:   1% (2/161)   Receiving objects:   2% (4/161)   Receiving objects:   3% (5/161)   Receiving objects:   4% (7/161)   Receiving objects:   4% (8/161), 2.32 MiB | 2.13 MiB/s   Receiving objects:   4% (8/161), 5.87 MiB | 2.77 MiB/s   Receiving objects:   4% (8/161), 9.67 MiB | 3.10 MiB/s   Receiving objects:   5% (9/161), 11.68 MiB | 3.22 MiB/s   Receiving objects:   6% (10/161), 11.68 MiB | 3.22 MiB/s   Receiving objects:   7% (12/161), 11.68 MiB | 3.22 MiB/s   Receiving objects:   8% (13/161), 11.68 MiB | 3.22 MiB/s   Receiving objects:   9% (15/161), 11.68 MiB | 3.22 MiB/s   Receiving objects:  10% (17/161), 11.68 MiB | 3.22 MiB/s   Receiving objects:  11% (18/161), 11.68 MiB | 3.22 MiB/s   Receiving objects:  12% (20/161), 11.68 MiB | 3.22 MiB/s   Receiving objects:  13% (21/161), 11.68 MiB | 3.22 MiB/s   Receiving objects:  14% (23/161), 11.68 MiB | 3.22 MiB/s   Receiving objects:  15% (25/161), 11.68 MiB | 3.22 MiB/s   Receiving objects:  16% (26/161), 11.68 MiB | 3.22 MiB/s   Receiving objects:  17% (28/161), 11.68 MiB | 3.22 MiB/s   Receiving objects:  18% (29/161), 11.68 MiB | 3.22 MiB/s   Receiving objects:  19% (31/161), 11.68 MiB | 3.22 MiB/s   Receiving objects:  20% (33/161), 11.68 MiB | 3.22 MiB/s   Receiving objects:  21% (34/161), 11.68 MiB | 3.22 MiB/s   Receiving objects:  22% (36/161), 13.21 MiB | 3.20 MiB/s   Receiving objects:  23% (38/161), 13.21 MiB | 3.20 MiB/s   Receiving objects:  24% (39/161), 13.21 MiB | 3.20 MiB/s   Receiving objects:  25% (41/161), 13.21 MiB | 3.20 MiB/s   Receiving objects:  26% (42/161), 13.21 MiB | 3.20 MiB/s   Receiving objects:  27% (44/161), 13.21 MiB | 3.20 MiB/s   Receiving objects:  28% (46/161), 13.21 MiB | 3.20 MiB/s   Receiving objects:  29% (47/161), 13.21 MiB | 3.20 MiB/s   Receiving objects:  30% (49/161), 13.21 MiB | 3.20 MiB/s   Receiving objects:  31% (50/161), 13.21 MiB | 3.20 MiB/s   Receiving objects:  32% (52/161), 13.21 MiB | 3.20 MiB/s   Receiving objects:  33% (54/161), 13.21 MiB | 3.20 MiB/s   Receiving objects:  34% (55/161), 13.21 MiB | 3.20 MiB/s   Receiving objects:  35% (57/161), 13.21 MiB | 3.20 MiB/s   Receiving objects:  36% (58/161), 13.21 MiB | 3.20 MiB/s   Receiving objects:  37% (60/161), 13.21 MiB | 3.20 MiB/s   Receiving objects:  38% (62/161), 13.21 MiB | 3.20 MiB/s   Receiving objects:  39% (63/161), 13.21 MiB | 3.20 MiB/s   Receiving objects:  40% (65/161), 13.21 MiB | 3.20 MiB/s   Receiving objects:  41% (67/161), 13.21 MiB | 3.20 MiB/s   Receiving objects:  42% (68/161), 13.21 MiB | 3.20 MiB/s   Receiving objects:  43% (70/161), 13.21 MiB | 3.20 MiB/s   Receiving objects:  44% (71/161), 13.21 MiB | 3.20 MiB/s   Receiving objects:  45% (73/161), 13.21 MiB | 3.20 MiB/s   Receiving objects:  46% (75/161), 13.21 MiB | 3.20 MiB/s   Receiving objects:  47% (76/161), 13.21 MiB | 3.20 MiB/s   Receiving objects:  48% (78/161), 13.21 MiB | 3.20 MiB/s   Receiving objects:  49% (79/161), 13.21 MiB | 3.20 MiB/s   Receiving objects:  50% (81/161), 13.21 MiB | 3.20 MiB/s   Receiving objects:  51% (83/161), 14.93 MiB | 3.22 MiB/s   Receiving objects:  52% (84/161), 14.93 MiB | 3.22 MiB/s   Receiving objects:  53% (86/161), 14.93 MiB | 3.22 MiB/s   Receiving objects:  54% (87/161), 14.93 MiB | 3.22 MiB/s   Receiving objects:  55% (89/161), 14.93 MiB | 3.22 MiB/s   Receiving objects:  56% (91/161), 14.93 MiB | 3.22 MiB/s   Receiving objects:  57% (92/161), 14.93 MiB | 3.22 MiB/s   Receiving objects:  58% (94/161), 14.93 MiB | 3.22 MiB/s   Receiving objects:  59% (95/161), 14.93 MiB | 3.22 MiB/s   Receiving objects:  60% (97/161), 14.93 MiB | 3.22 MiB/s   Receiving objects:  61% (99/161), 14.93 MiB | 3.22 MiB/s   Receiving objects:  62% (100/161), 14.93 MiB | 3.22 MiB/s   Receiving objects:  63% (102/161), 14.93 MiB | 3.22 MiB/s   Receiving objects:  64% (104/161), 14.93 MiB | 3.22 MiB/s   Receiving objects:  65% (105/161), 14.93 MiB | 3.22 MiB/s   Receiving objects:  66% (107/161), 14.93 MiB | 3.22 MiB/s   Receiving objects:  67% (108/161), 14.93 MiB | 3.22 MiB/s   Receiving objects:  68% (110/161), 16.27 MiB | 3.33 MiB/s   Receiving objects:  69% (112/161), 16.27 MiB | 3.33 MiB/s   Receiving objects:  70% (113/161), 16.27 MiB | 3.33 MiB/s   Receiving objects:  71% (115/161), 16.27 MiB | 3.33 MiB/s   Receiving objects:  72% (116/161), 16.27 MiB | 3.33 MiB/s   Receiving objects:  73% (118/161), 16.27 MiB | 3.33 MiB/s   Receiving objects:  74% (120/161), 16.27 MiB | 3.33 MiB/s   Receiving objects:  75% (121/161), 16.27 MiB | 3.33 MiB/s   Receiving objects:  76% (123/161), 16.27 MiB | 3.33 MiB/s   Receiving objects:  77% (124/161), 16.27 MiB | 3.33 MiB/s   Receiving objects:  78% (126/161), 16.27 MiB | 3.33 MiB/s   Receiving objects:  79% (128/161), 16.27 MiB | 3.33 MiB/s   Receiving objects:  80% (129/161), 17.10 MiB | 3.25 MiB/s   Receiving objects:  81% (131/161), 17.10 MiB | 3.25 MiB/s   Receiving objects:  82% (133/161), 17.10 MiB | 3.25 MiB/s   Receiving objects:  83% (134/161), 17.10 MiB | 3.25 MiB/s   Receiving objects:  84% (136/161), 17.10 MiB | 3.25 MiB/s   Receiving objects:  85% (137/161), 17.10 MiB | 3.25 MiB/s   Receiving objects:  86% (139/161), 17.10 MiB | 3.25 MiB/s   Receiving objects:  87% (141/161), 17.10 MiB | 3.25 MiB/s   Receiving objects:  88% (142/161), 17.10 MiB | 3.25 MiB/s   Receiving objects:  89% (144/161), 17.10 MiB | 3.25 MiB/s   Receiving objects:  90% (145/161), 17.10 MiB | 3.25 MiB/s   Receiving objects:  91% (147/161), 17.10 MiB | 3.25 MiB/s   Receiving objects:  92% (149/161), 17.10 MiB | 3.25 MiB/s   Receiving objects:  93% (150/161), 17.94 MiB | 3.14 MiB/s   Receiving objects:  94% (152/161), 17.94 MiB | 3.14 MiB/s   Receiving objects:  95% (153/161), 17.94 MiB | 3.14 MiB/s   Receiving objects:  95% (153/161), 19.69 MiB | 2.64 MiB/s   Receiving objects:  95% (153/161), 21.13 MiB | 2.08 MiB/s   Receiving objects:  95% (153/161), 22.59 MiB | 1.68 MiB/s   Receiving objects:  95% (153/161), 24.15 MiB | 1.54 MiB/s   Receiving objects:  95% (153/161), 25.71 MiB | 1.50 MiB/s   Receiving objects:  95% (153/161), 27.25 MiB | 1.48 MiB/s   Receiving objects:  95% (153/161), 28.89 MiB | 1.52 MiB/s   Receiving objects:  95% (153/161), 30.54 MiB | 1.56 MiB/s   remote: Total 161 (delta 26), reused 39 (delta 18), pack-reused 110[K
Receiving objects:  96% (155/161), 30.54 MiB | 1.56 MiB/s   Receiving objects:  97% (157/161), 30.54 MiB | 1.56 MiB/s   Receiving objects:  98% (158/161), 30.54 MiB | 1.56 MiB/s   Receiving objects:  99% (160/161), 30.54 MiB | 1.56 MiB/s   Receiving objects: 100% (161/161), 30.54 MiB | 1.56 MiB/s   Receiving objects: 100% (161/161), 30.57 MiB | 2.13 MiB/s, done.
Resolving deltas:   0% (0/62)   Resolving deltas:   3% (2/62)   Resolving deltas:   4% (3/62)   Resolving deltas:   6% (4/62)   Resolving deltas:  11% (7/62)   Resolving deltas:  16% (10/62)   Resolving deltas:  22% (14/62)   Resolving deltas:  24% (15/62)   Resolving deltas:  25% (16/62)   Resolving deltas:  35% (22/62)   Resolving deltas:  37% (23/62)   Resolving deltas:  38% (24/62)   Resolving deltas:  40% (25/62)   Resolving deltas:  41% (26/62)   Resolving deltas:  43% (27/62)   Resolving deltas:  80% (50/62)   Resolving deltas:  88% (55/62)   Resolving deltas:  91% (57/62)   Resolving deltas:  95% (59/62)   Resolving deltas: 100% (62/62)   Resolving deltas: 100% (62/62), completed with 1 local object.
From https://github.com/jpgattuso/AWIPEV-CO2-git
 * branch            master     -> FETCH_HEAD
   9923997..b366977  master     -> Awipev/master
Updating a147404..b366977
error: The following untracked working tree files would be overwritten by merge:
	AWIPEV-CO2-git.Rproj
Please move or remove them before you merge.
Aborting
]0;~/not_synced_git/AWIPEV-CO2-gitMacBook-Pro-de-Samir-2:AWIPEV-CO2-git samir$ git fetch Awipev
]0;~/not_synced_git/AWIPEV-CO2-gitMacBook-Pro-de-Samir-2:AWIPEV-CO2-git samir$ git add AWIPEV-CO2-git.Rproj [K[K[K[K[K[KRmd[1Pt.Rmd[1Pt.Rmd[1Pt.Rmd[1Pt.Rmd[C[1P.Rmd2.Rmd
]0;~/not_synced_git/AWIPEV-CO2-gitMacBook-Pro-de-Samir-2:AWIPEV-CO2-git samir$ gir[Kt commint[K[Kt -m "miantenance updated"[1P[1P[1@a[1@i
On branch master
Your branch is up to date with 'origin/master'.

Untracked files:
	[31m.Rhistory[m
	[31m.Rproj.user/[m
	[31mAWIPEV-CO2-git.Rproj[m
	[31mawipev-CO2.html[m

nothing added to commit but untracked files present
]0;~/not_synced_git/AWIPEV-CO2-gitMacBook-Pro-de-Samir-2:AWIPEV-CO2-git samir$ git origin[K[K[K[K[K[Kpush origin master
Everything up-to-date
]0;~/not_synced_git/AWIPEV-CO2-gitMacBook-Pro-de-Samir-2:AWIPEV-CO2-git samir$ git push origin master
Username for 'https://github.com': samirLOV1
Password for 'https://samirLOV1@github.com': 
Everything up-to-date
]0;~/not_synced_git/AWIPEV-CO2-gitMacBook-Pro-de-Samir-2:AWIPEV-CO2-git samir$ git push origin mastercommit -m "maintenance updated"[13Padd AWIPEV-CO2.Rmd[6Pfetch Awipevadd AWIPEV-CO2.Rmd
]0;~/not_synced_git/AWIPEV-CO2-gitMacBook-Pro-de-Samir-2:AWIPEV-CO2-git samir$ git add AWIPEV-CO2.Rmdpush origin mastercommit -m "maintenance updated"
On branch master
Your branch is up to date with 'origin/master'.

Changes not staged for commit:
	[31mmodified:   awipev-CO2.Rmd[m

Untracked files:
	[31m.Rhistory[m
	[31m.Rproj.user/[m
	[31mAWIPEV-CO2-git.Rproj[m
	[31mawipev-CO2.html[m

no changes added to commit
]0;~/not_synced_git/AWIPEV-CO2-gitMacBook-Pro-de-Samir-2:AWIPEV-CO2-git samir$ git commit -m "maintenance updated"[13Padd AWIPEV-CO2.Rmdpush origin mastercommit -m "maintenance updated"[13Padd AWIPEV-CO2.Rmd[6Pfetch Awipevadd AWIPEV-CO2.Rmd
]0;~/not_synced_git/AWIPEV-CO2-gitMacBook-Pro-de-Samir-2:AWIPEV-CO2-git samir$ git add AWIPEV-CO2.Rmdcommit -m "maintenance updated"
On branch master
Your branch is up to date with 'origin/master'.

Changes not staged for commit:
	[31mmodified:   awipev-CO2.Rmd[m

Untracked files:
	[31m.Rhistory[m
	[31m.Rproj.user/[m
	[31mAWIPEV-CO2-git.Rproj[m
	[31mawipev-CO2.html[m

no changes added to commit
]0;~/not_synced_git/AWIPEV-CO2-gitMacBook-Pro-de-Samir-2:AWIPEV-CO2-git samir$ git add AWIPEV-CO2-git.Rproj 
.Rhistory             .git/                 Images/               awipev-CO2.Rmd        
.Rproj.user/          AWIPEV-CO2-git.Rproj  README.md             awipev-CO2.html       
MacBook-Pro-de-Samir-2:AWIPEV-CO2-git samir$ git add AWIPEV-CO2-git.Rproj 
.Rhistory             .git/                 Images/               awipev-CO2.Rmd        
.Rproj.user/          AWIPEV-CO2-git.Rproj  README.md             awipev-CO2.html       
MacBook-Pro-de-Samir-2:AWIPEV-CO2-git samir$ git add AWIPEV-CO2-git.Rproj 
.Rhistory             .git/                 Images/               awipev-CO2.Rmd        
.Rproj.user/          AWIPEV-CO2-git.Rproj  README.md             awipev-CO2.html       
MacBook-Pro-de-Samir-2:AWIPEV-CO2-git samir$ git add AWIPEV-CO2-git.Rproj 
AWIPEV-CO2-git.Rproj
MacBook-Pro-de-Samir-2:AWIPEV-CO2-git samir$ git add AWIPEV-CO2-git.Rproj [1P [1P [1P [1P [1P [1P [1P [1P [1P [1P -git.Rproj [1P [1P [1P [1P [1P [1P [1P [1P [1P [1P . R M D [1P [1P m d [1P [1P [1P [1P [1P [1P [1P [1P [1P [1P [1P [1P [1P [1P a wipev-CO2. r [1P [1P . R md 
]0;~/not_synced_git/AWIPEV-CO2-gitMacBook-Pro-de-Samir-2:AWIPEV-CO2-git samir$ git add awipev-CO2.Rmd commit -m "maintenance updated"
[master a64f457] maintenance updated
 1 file changed, 2 insertions(+)
]0;~/not_synced_git/AWIPEV-CO2-gitMacBook-Pro-de-Samir-2:AWIPEV-CO2-git samir$ git commit -m "maintenance updated"[12Padd awipev-CO2.Rmd commit -m "maintenance updated"[13Padd AWIPEV-CO2.Rmdcommit -m "maintenance updated"[13Padd AWIPEV-CO2.Rmdpush origin mastercommit -m "maintenance updated"[13Ppush origin master
Username for 'https://github.com': samirLOV1
Password for 'https://samirLOV1@github.com': 
Enumerating objects: 5, done.
Counting objects:  20% (1/5)   Counting objects:  40% (2/5)   Counting objects:  60% (3/5)   Counting objects:  80% (4/5)   Counting objects: 100% (5/5)   Counting objects: 100% (5/5), done.
Delta compression using up to 4 threads
Compressing objects:  33% (1/3)   Compressing objects:  66% (2/3)   Compressing objects: 100% (3/3)   Compressing objects: 100% (3/3), done.
Writing objects:  33% (1/3)   Writing objects:  66% (2/3)   Writing objects: 100% (3/3)   Writing objects: 100% (3/3), 457 bytes | 457.00 KiB/s, done.
Total 3 (delta 2), reused 0 (delta 0)
remote: Resolving deltas:   0% (0/2)   [Kremote: Resolving deltas:  50% (1/2)   [Kremote: Resolving deltas: 100% (2/2)   [Kremote: Resolving deltas: 100% (2/2), completed with 2 local objects.[K
To https://github.com/samirLOV1/AWIPEV-CO2-git.git
   a147404..a64f457  master -> master
]0;~/not_synced_git/AWIPEV-CO2-gitMacBook-Pro-de-Samir-2:AWIPEV-CO2-git samir$ git pull Awipev master
From https://github.com/jpgattuso/AWIPEV-CO2-git
 * branch            master     -> FETCH_HEAD
error: The following untracked working tree files would be overwritten by merge:
	AWIPEV-CO2-git.Rproj
Please move or remove them before you merge.
Aborting
]0;~/not_synced_git/AWIPEV-CO2-gitMacBook-Pro-de-Samir-2:AWIPEV-CO2-git samir$ git z[Kadd -A
]0;~/not_synced_git/AWIPEV-CO2-gitMacBook-Pro-de-Samir-2:AWIPEV-CO2-git samir$ git add -A
]0;~/not_synced_git/AWIPEV-CO2-gitMacBook-Pro-de-Samir-2:AWIPEV-CO2-git samir$ git add -Apull Awipev mastersh origin[C[C[C[C[C[C[Ccommit -m "maintenance updated"[12Padd awipev-CO2.Rmd commit -m "maintenance updated"
[master 1f4e904] maintenance updated
 91 files changed, 25879 insertions(+)
 create mode 100644 .Rhistory
 create mode 100644 .Rproj.user/8CD7EAF3/console06/D159EF1D
 create mode 100644 .Rproj.user/8CD7EAF3/console06/D159EF1D.env
 create mode 100644 .Rproj.user/8CD7EAF3/console06/INDEX001
 create mode 100644 .Rproj.user/8CD7EAF3/pcs/files-pane.pper
 create mode 100644 .Rproj.user/8CD7EAF3/pcs/source-pane.pper
 create mode 100644 .Rproj.user/8CD7EAF3/pcs/windowlayoutstate.pper
 create mode 100644 .Rproj.user/8CD7EAF3/pcs/workbench-pane.pper
 create mode 100644 .Rproj.user/8CD7EAF3/rmd-outputs
 create mode 100644 .Rproj.user/8CD7EAF3/saved_source_markers
 create mode 100644 .Rproj.user/8CD7EAF3/sources/prop/4F48A00B
 create mode 100644 .Rproj.user/8CD7EAF3/sources/prop/INDEX
 create mode 100644 .Rproj.user/8CD7EAF3/sources/s-28B25282/5207EE9D
 create mode 100644 .Rproj.user/8CD7EAF3/sources/s-28B25282/5207EE9D-contents
 create mode 100644 .Rproj.user/8CD7EAF3/sources/s-28B25282/lock_file
 create mode 100644 .Rproj.user/shared/notebooks/EA182F0D-awipev-CO2/1/8CD7EAF328B25282/chunks.json
 create mode 100644 .Rproj.user/shared/notebooks/EA182F0D-awipev-CO2/1/8CD7EAF332AAF2D8/chunks.json
 create mode 100644 .Rproj.user/shared/notebooks/EA182F0D-awipev-CO2/1/8CD7EAF365C717EA/chunks.json
 create mode 100644 .Rproj.user/shared/notebooks/EA182F0D-awipev-CO2/1/8CD7EAF37140CB37/chunks.json
 create mode 100644 .Rproj.user/shared/notebooks/EA182F0D-awipev-CO2/1/s/c232d1cynz2ue/000005.csv
 create mode 100644 .Rproj.user/shared/notebooks/EA182F0D-awipev-CO2/1/s/c232d1cynz2ue/000006.html
 create mode 100644 .Rproj.user/shared/notebooks/EA182F0D-awipev-CO2/1/s/c232d1cynz2ue/000006.json
 create mode 100644 .Rproj.user/shared/notebooks/EA182F0D-awipev-CO2/1/s/c232d1cynz2ue/000006.metadata
 create mode 100644 .Rproj.user/shared/notebooks/EA182F0D-awipev-CO2/1/s/c232d1cynz2ue/000007.csv
 create mode 100644 .Rproj.user/shared/notebooks/EA182F0D-awipev-CO2/1/s/c232d1cynz2ue/000008.html
 create mode 100644 .Rproj.user/shared/notebooks/EA182F0D-awipev-CO2/1/s/c232d1cynz2ue/000008.json
 create mode 100644 .Rproj.user/shared/notebooks/EA182F0D-awipev-CO2/1/s/c232d1cynz2ue/000008.metadata
 create mode 100644 .Rproj.user/shared/notebooks/EA182F0D-awipev-CO2/1/s/c232d1cynz2ue/000009.csv
 create mode 100644 .Rproj.user/shared/notebooks/EA182F0D-awipev-CO2/1/s/c232d1cynz2ue/00000a.html
 create mode 100644 .Rproj.user/shared/notebooks/EA182F0D-awipev-CO2/1/s/c232d1cynz2ue/00000a.json
 create mode 100644 .Rproj.user/shared/notebooks/EA182F0D-awipev-CO2/1/s/c232d1cynz2ue/00000a.metadata
 create mode 100644 .Rproj.user/shared/notebooks/EA182F0D-awipev-CO2/1/s/c232d1cynz2ue/00000b.csv
 create mode 100644 .Rproj.user/shared/notebooks/EA182F0D-awipev-CO2/1/s/c232d1cynz2ue/00000c.html
 create mode 100644 .Rproj.user/shared/notebooks/EA182F0D-awipev-CO2/1/s/c232d1cynz2ue/00000c.json
 create mode 100644 .Rproj.user/shared/notebooks/EA182F0D-awipev-CO2/1/s/c232d1cynz2ue/00000c.metadata
 create mode 100644 .Rproj.user/shared/notebooks/EA182F0D-awipev-CO2/1/s/c232d1cynz2ue/00000d.csv
 create mode 100644 .Rproj.user/shared/notebooks/EA182F0D-awipev-CO2/1/s/c232d1cynz2ue/00000e.html
 create mode 100644 .Rproj.user/shared/notebooks/EA182F0D-awipev-CO2/1/s/c232d1cynz2ue/00000e.json
 create mode 100644 .Rproj.user/shared/notebooks/EA182F0D-awipev-CO2/1/s/c232d1cynz2ue/00000e.metadata
 create mode 100644 .Rproj.user/shared/notebooks/EA182F0D-awipev-CO2/1/s/c232d1cynz2ue/00000f.csv
 create mode 100644 .Rproj.user/shared/notebooks/EA182F0D-awipev-CO2/1/s/c232d1cynz2ue/000010.html
 create mode 100644 .Rproj.user/shared/notebooks/EA182F0D-awipev-CO2/1/s/c232d1cynz2ue/000010.json
 create mode 100644 .Rproj.user/shared/notebooks/EA182F0D-awipev-CO2/1/s/c232d1cynz2ue/000010.metadata
 create mode 100644 .Rproj.user/shared/notebooks/EA182F0D-awipev-CO2/1/s/c232d1cynz2ue/000011.csv
 create mode 100644 .Rproj.user/shared/notebooks/EA182F0D-awipev-CO2/1/s/c232d1cynz2ue/000012.html
 create mode 100644 .Rproj.user/shared/notebooks/EA182F0D-awipev-CO2/1/s/c232d1cynz2ue/000012.json
 create mode 100644 .Rproj.user/shared/notebooks/EA182F0D-awipev-CO2/1/s/c232d1cynz2ue/000012.metadata
 create mode 100644 .Rproj.user/shared/notebooks/EA182F0D-awipev-CO2/1/s/c232d1cynz2ue/000013.csv
 create mode 100644 .Rproj.user/shared/notebooks/EA182F0D-awipev-CO2/1/s/c378jv0mpoty8/000002.csv
 create mode 100644 .Rproj.user/shared/notebooks/EA182F0D-awipev-CO2/1/s/c378jv0mpoty8/000003.metadata
 create mode 100644 .Rproj.user/shared/notebooks/EA182F0D-awipev-CO2/1/s/c378jv0mpoty8/000003.png
 create mode 100644 .Rproj.user/shared/notebooks/EA182F0D-awipev-CO2/1/s/c378jv0mpoty8/000003.snapshot
 create mode 100644 .Rproj.user/shared/notebooks/EA182F0D-awipev-CO2/1/s/cb1fo212gfe5p/000008.csv
 create mode 100644 .Rproj.user/shared/notebooks/EA182F0D-awipev-CO2/1/s/cdjg8unlgqfxx/000002.csv
 create mode 100644 .Rproj.user/shared/notebooks/EA182F0D-awipev-CO2/1/s/cem49td2yeo22/000002.csv
 create mode 100644 .Rproj.user/shared/notebooks/EA182F0D-awipev-CO2/1/s/cf173a7nacalb/000002.csv
 create mode 100644 .Rproj.user/shared/notebooks/EA182F0D-awipev-CO2/1/s/cf173a7nacalb/000004.csv
 create mode 100644 .Rproj.user/shared/notebooks/EA182F0D-awipev-CO2/1/s/cf173a7nacalb/000005.metadata
 create mode 100644 .Rproj.user/shared/notebooks/EA182F0D-awipev-CO2/1/s/cf173a7nacalb/000005.png
 create mode 100644 .Rproj.user/shared/notebooks/EA182F0D-awipev-CO2/1/s/cf173a7nacalb/000005.snapshot
 create mode 100644 .Rproj.user/shared/notebooks/EA182F0D-awipev-CO2/1/s/chunks.json
 create mode 100644 .Rproj.user/shared/notebooks/EA182F0D-awipev-CO2/1/s/ciu5p5gbixshr/000002.csv
 create mode 100644 .Rproj.user/shared/notebooks/EA182F0D-awipev-CO2/1/s/cqvnxbtg1tilf/000004.html
 create mode 100644 .Rproj.user/shared/notebooks/EA182F0D-awipev-CO2/1/s/cqvnxbtg1tilf/000004.json
 create mode 100644 .Rproj.user/shared/notebooks/EA182F0D-awipev-CO2/1/s/cqvnxbtg1tilf/000004.metadata
 create mode 100644 .Rproj.user/shared/notebooks/EA182F0D-awipev-CO2/1/s/ct7uh4ll81p8u/000002.csv
 create mode 100644 .Rproj.user/shared/notebooks/EA182F0D-awipev-CO2/1/s/ctgbodye344zj/000002.csv
 create mode 100644 .Rproj.user/shared/notebooks/EA182F0D-awipev-CO2/1/s/cup1fyy4w2rau/000002.csv
 create mode 100644 .Rproj.user/shared/notebooks/EA182F0D-awipev-CO2/1/s/cup1fyy4w2rau/000004.csv
 create mode 100644 .Rproj.user/shared/notebooks/EA182F0D-awipev-CO2/1/s/cup1fyy4w2rau/000005.metadata
 create mode 100644 .Rproj.user/shared/notebooks/EA182F0D-awipev-CO2/1/s/cup1fyy4w2rau/000005.png
 create mode 100644 .Rproj.user/shared/notebooks/EA182F0D-awipev-CO2/1/s/cup1fyy4w2rau/000005.snapshot
 create mode 100644 .Rproj.user/shared/notebooks/EA182F0D-awipev-CO2/1/s/cz0hke3bnpyt1/000002.csv
 create mode 100644 .Rproj.user/shared/notebooks/EA182F0D-awipev-CO2/1/s/lib/dygraphs-1.1.1/dygraph-combined-dev.js
 create mode 100644 .Rproj.user/shared/notebooks/EA182F0D-awipev-CO2/1/s/lib/dygraphs-1.1.1/dygraph-combined.js
 create mode 100644 .Rproj.user/shared/notebooks/EA182F0D-awipev-CO2/1/s/lib/dygraphs-1.1.1/dygraph.css
 create mode 100644 .Rproj.user/shared/notebooks/EA182F0D-awipev-CO2/1/s/lib/dygraphs-1.1.1/shapes.js
 create mode 100644 .Rproj.user/shared/notebooks/EA182F0D-awipev-CO2/1/s/lib/dygraphs-binding-1.1.1.6/dygraphs.js
 create mode 100644 .Rproj.user/shared/notebooks/EA182F0D-awipev-CO2/1/s/lib/htmlwidgets-1.3/htmlwidgets.js
 create mode 100644 .Rproj.user/shared/notebooks/EA182F0D-awipev-CO2/1/s/lib/jquery-1.11.1/AUTHORS.txt
 create mode 100644 .Rproj.user/shared/notebooks/EA182F0D-awipev-CO2/1/s/lib/jquery-1.11.1/jquery.min.js
 create mode 100644 .Rproj.user/shared/notebooks/EA182F0D-awipev-CO2/1/s/lib/moment-2.8.4/moment-timezone-with-data.js
 create mode 100644 .Rproj.user/shared/notebooks/EA182F0D-awipev-CO2/1/s/lib/moment-2.8.4/moment.js
 create mode 100644 .Rproj.user/shared/notebooks/EA182F0D-awipev-CO2/1/s/lib/moment-fquarter-1.0.0/moment-fquarter.min.js
 create mode 100644 .Rproj.user/shared/notebooks/EA182F0D-awipev-CO2/1/s/lib/moment-timezone-0.2.5/moment-timezone-with-data.js
 create mode 100644 .Rproj.user/shared/notebooks/EA182F0D-awipev-CO2/1/s/lib/moment-timezone-0.2.5/moment.js
 create mode 100644 .Rproj.user/shared/notebooks/patch-chunk-names
 create mode 100644 .Rproj.user/shared/notebooks/paths
 create mode 100644 AWIPEV-CO2-git.Rproj
 create mode 100644 awipev-CO2.html
]0;~/not_synced_git/AWIPEV-CO2-gitMacBook-Pro-de-Samir-2:AWIPEV-CO2-git samir$ git push origin master
Username for 'https://github.com': samirLOV1
Password for 'https://samirLOV1@github.com': 
Enumerating objects: 108, done.
Counting objects:   0% (1/108)   Counting objects:   1% (2/108)   Counting objects:   2% (3/108)   Counting objects:   3% (4/108)   Counting objects:   4% (5/108)   Counting objects:   5% (6/108)   Counting objects:   6% (7/108)   Counting objects:   7% (8/108)   Counting objects:   8% (9/108)   Counting objects:   9% (10/108)   Counting objects:  10% (11/108)   Counting objects:  11% (12/108)   Counting objects:  12% (13/108)   Counting objects:  13% (15/108)   Counting objects:  14% (16/108)   Counting objects:  15% (17/108)   Counting objects:  16% (18/108)   Counting objects:  17% (19/108)   Counting objects:  18% (20/108)   Counting objects:  19% (21/108)   Counting objects:  20% (22/108)   Counting objects:  21% (23/108)   Counting objects:  22% (24/108)   Counting objects:  23% (25/108)   Counting objects:  24% (26/108)   Counting objects:  25% (27/108)   Counting objects:  26% (29/108)   Counting objects:  27% (30/108)   Counting objects:  28% (31/108)   Counting objects:  29% (32/108)   Counting objects:  30% (33/108)   Counting objects:  31% (34/108)   Counting objects:  32% (35/108)   Counting objects:  33% (36/108)   Counting objects:  34% (37/108)   Counting objects:  35% (38/108)   Counting objects:  36% (39/108)   Counting objects:  37% (40/108)   Counting objects:  38% (42/108)   Counting objects:  39% (43/108)   Counting objects:  40% (44/108)   Counting objects:  41% (45/108)   Counting objects:  42% (46/108)   Counting objects:  43% (47/108)   Counting objects:  44% (48/108)   Counting objects:  45% (49/108)   Counting objects:  46% (50/108)   Counting objects:  47% (51/108)   Counting objects:  48% (52/108)   Counting objects:  49% (53/108)   Counting objects:  50% (54/108)   Counting objects:  51% (56/108)   Counting objects:  52% (57/108)   Counting objects:  53% (58/108)   Counting objects:  54% (59/108)   Counting objects:  55% (60/108)   Counting objects:  56% (61/108)   Counting objects:  57% (62/108)   Counting objects:  58% (63/108)   Counting objects:  59% (64/108)   Counting objects:  60% (65/108)   Counting objects:  61% (66/108)   Counting objects:  62% (67/108)   Counting objects:  63% (69/108)   Counting objects:  64% (70/108)   Counting objects:  65% (71/108)   Counting objects:  66% (72/108)   Counting objects:  67% (73/108)   Counting objects:  68% (74/108)   Counting objects:  69% (75/108)   Counting objects:  70% (76/108)   Counting objects:  71% (77/108)   Counting objects:  72% (78/108)   Counting objects:  73% (79/108)   Counting objects:  74% (80/108)   Counting objects:  75% (81/108)   Counting objects:  76% (83/108)   Counting objects:  77% (84/108)   Counting objects:  78% (85/108)   Counting objects:  79% (86/108)   Counting objects:  80% (87/108)   Counting objects:  81% (88/108)   Counting objects:  82% (89/108)   Counting objects:  83% (90/108)   Counting objects:  84% (91/108)   Counting objects:  85% (92/108)   Counting objects:  86% (93/108)   Counting objects:  87% (94/108)   Counting objects:  88% (96/108)   Counting objects:  89% (97/108)   Counting objects:  90% (98/108)   Counting objects:  91% (99/108)   Counting objects:  92% (100/108)   Counting objects:  93% (101/108)   Counting objects:  94% (102/108)   Counting objects:  95% (103/108)   Counting objects:  96% (104/108)   Counting objects:  97% (105/108)   Counting objects:  98% (106/108)   Counting objects:  99% (107/108)   Counting objects: 100% (108/108)   Counting objects: 100% (108/108), done.
Delta compression using up to 4 threads
Compressing objects:   1% (1/89)   Compressing objects:   2% (2/89)   Compressing objects:   3% (3/89)   Compressing objects:   4% (4/89)   Compressing objects:   5% (5/89)   Compressing objects:   6% (6/89)   Compressing objects:   7% (7/89)   Compressing objects:   8% (8/89)   Compressing objects:  10% (9/89)   Compressing objects:  11% (10/89)   Compressing objects:  12% (11/89)   Compressing objects:  13% (12/89)   Compressing objects:  14% (13/89)   Compressing objects:  15% (14/89)   Compressing objects:  16% (15/89)   Compressing objects:  17% (16/89)   Compressing objects:  19% (17/89)   Compressing objects:  20% (18/89)   Compressing objects:  21% (19/89)   Compressing objects:  22% (20/89)   Compressing objects:  23% (21/89)   Compressing objects:  24% (22/89)   Compressing objects:  25% (23/89)   Compressing objects:  26% (24/89)   Compressing objects:  28% (25/89)   Compressing objects:  29% (26/89)   Compressing objects:  30% (27/89)   Compressing objects:  31% (28/89)   Compressing objects:  32% (29/89)   Compressing objects:  33% (30/89)   Compressing objects:  34% (31/89)   Compressing objects:  35% (32/89)   Compressing objects:  37% (33/89)   Compressing objects:  38% (34/89)   Compressing objects:  39% (35/89)   Compressing objects:  40% (36/89)   Compressing objects:  41% (37/89)   Compressing objects:  42% (38/89)   Compressing objects:  43% (39/89)   Compressing objects:  44% (40/89)   Compressing objects:  46% (41/89)   Compressing objects:  47% (42/89)   Compressing objects:  48% (43/89)   Compressing objects:  49% (44/89)   Compressing objects:  50% (45/89)   Compressing objects:  51% (46/89)   Compressing objects:  52% (47/89)   Compressing objects:  53% (48/89)   Compressing objects:  55% (49/89)   Compressing objects:  56% (50/89)   Compressing objects:  57% (51/89)   Compressing objects:  58% (52/89)   Compressing objects:  59% (53/89)   Compressing objects:  60% (54/89)   Compressing objects:  61% (55/89)   Compressing objects:  62% (56/89)   Compressing objects:  64% (57/89)   Compressing objects:  65% (58/89)   Compressing objects:  66% (59/89)   Compressing objects:  67% (60/89)   Compressing objects:  68% (61/89)   Compressing objects:  69% (62/89)   Compressing objects:  70% (63/89)   Compressing objects:  71% (64/89)   Compressing objects:  73% (65/89)   Compressing objects:  74% (66/89)   Compressing objects:  75% (67/89)   Compressing objects:  76% (68/89)   Compressing objects:  77% (69/89)   Compressing objects:  78% (70/89)   Compressing objects:  79% (71/89)   Compressing objects:  80% (72/89)   Compressing objects:  82% (73/89)   Compressing objects:  83% (74/89)   Compressing objects:  84% (75/89)   Compressing objects:  85% (76/89)   Compressing objects:  86% (77/89)   Compressing objects:  87% (78/89)   Compressing objects:  88% (79/89)   Compressing objects:  89% (80/89)   Compressing objects:  91% (81/89)   Compressing objects:  92% (82/89)   Compressing objects:  93% (83/89)   Compressing objects:  94% (84/89)   Compressing objects:  95% (85/89)   Compressing objects:  96% (86/89)   Compressing objects:  97% (87/89)   Compressing objects:  98% (88/89)   Compressing objects: 100% (89/89)   Compressing objects: 100% (89/89), done.
Writing objects:   0% (1/107)   Writing objects:   1% (2/107)   Writing objects:   2% (3/107)   Writing objects:   3% (4/107)   Writing objects:   4% (5/107)   Writing objects:   5% (6/107)   Writing objects:   6% (7/107)   Writing objects:   7% (8/107)   Writing objects:   8% (9/107)   Writing objects:   9% (10/107)   Writing objects:  10% (11/107)   Writing objects:  11% (12/107)   Writing objects:  12% (13/107)   Writing objects:  13% (14/107)   Writing objects:  14% (15/107)   Writing objects:  15% (17/107)   Writing objects:  16% (18/107)   Writing objects:  17% (19/107)   Writing objects:  18% (20/107)   Writing objects:  19% (21/107)   Writing objects:  20% (22/107)   Writing objects:  21% (23/107)   Writing objects:  22% (24/107)   Writing objects:  23% (25/107)   Writing objects:  24% (26/107)   Writing objects:  25% (27/107)   Writing objects:  26% (28/107)   Writing objects:  27% (29/107)   Writing objects:  29% (32/107)   Writing objects:  30% (33/107)   Writing objects:  31% (34/107)   Writing objects:  32% (35/107)   Writing objects:  33% (36/107)   Writing objects:  34% (37/107)   Writing objects:  35% (38/107)   Writing objects:  38% (41/107)   Writing objects:  38% (41/107), 48.00 KiB | 33.00 KiB/s   Writing objects:  38% (41/107), 1.07 MiB | 414.00 KiB/s   Writing objects:  38% (41/107), 1.63 MiB | 523.00 KiB/s   Writing objects:  38% (41/107), 4.19 MiB | 1023.00 KiB/s   Writing objects:  38% (41/107), 5.44 MiB | 1.09 MiB/s   Writing objects:  38% (41/107), 8.06 MiB | 1.34 MiB/s   Writing objects:  38% (41/107), 10.94 MiB | 1.86 MiB/s   Writing objects:  40% (43/107), 10.94 MiB | 1.86 MiB/s   Writing objects:  41% (44/107), 10.94 MiB | 1.86 MiB/s   Writing objects:  42% (45/107), 10.94 MiB | 1.86 MiB/s   Writing objects:  44% (48/107), 10.94 MiB | 1.86 MiB/s   Writing objects:  47% (51/107), 10.94 MiB | 1.86 MiB/s   Writing objects:  48% (52/107), 12.13 MiB | 2.24 MiB/s   Writing objects:  49% (53/107), 12.13 MiB | 2.24 MiB/s   Writing objects:  50% (54/107), 12.13 MiB | 2.24 MiB/s   Writing objects:  52% (56/107), 12.13 MiB | 2.24 MiB/s   Writing objects:  53% (57/107), 12.13 MiB | 2.24 MiB/s   Writing objects:  54% (58/107), 12.13 MiB | 2.24 MiB/s   Writing objects:  55% (59/107), 12.13 MiB | 2.24 MiB/s   Writing objects:  56% (60/107), 12.13 MiB | 2.24 MiB/s   Writing objects:  57% (61/107), 12.13 MiB | 2.24 MiB/s   Writing objects:  58% (63/107), 12.13 MiB | 2.24 MiB/s   Writing objects:  59% (64/107), 12.13 MiB | 2.24 MiB/s   Writing objects:  60% (65/107), 12.13 MiB | 2.24 MiB/s   Writing objects:  61% (66/107), 12.13 MiB | 2.24 MiB/s   Writing objects:  62% (67/107), 12.13 MiB | 2.24 MiB/s   Writing objects:  64% (69/107), 12.13 MiB | 2.24 MiB/s   Writing objects:  65% (70/107), 12.13 MiB | 2.24 MiB/s   Writing objects:  67% (72/107), 12.13 MiB | 2.24 MiB/s   Writing objects:  69% (74/107), 12.13 MiB | 2.24 MiB/s   Writing objects:  70% (75/107), 12.13 MiB | 2.24 MiB/s   Writing objects:  71% (76/107), 12.13 MiB | 2.24 MiB/s   Writing objects:  72% (78/107), 12.13 MiB | 2.24 MiB/s   Writing objects:  73% (79/107), 12.13 MiB | 2.24 MiB/s   Writing objects:  74% (80/107), 12.13 MiB | 2.24 MiB/s   Writing objects:  75% (81/107), 12.13 MiB | 2.24 MiB/s   Writing objects:  76% (82/107), 12.13 MiB | 2.24 MiB/s   Writing objects:  77% (83/107), 12.13 MiB | 2.24 MiB/s   Writing objects:  78% (84/107), 12.13 MiB | 2.24 MiB/s   Writing objects:  79% (85/107), 12.13 MiB | 2.24 MiB/s   Writing objects:  80% (86/107), 12.13 MiB | 2.24 MiB/s   Writing objects:  81% (87/107), 12.13 MiB | 2.24 MiB/s   Writing objects:  82% (88/107), 12.13 MiB | 2.24 MiB/s   Writing objects:  83% (89/107), 12.13 MiB | 2.24 MiB/s   Writing objects:  84% (90/107), 12.13 MiB | 2.24 MiB/s   Writing objects:  85% (91/107), 12.13 MiB | 2.24 MiB/s   Writing objects:  86% (93/107), 12.13 MiB | 2.24 MiB/s   Writing objects:  87% (94/107), 12.13 MiB | 2.24 MiB/s   Writing objects:  88% (95/107), 12.13 MiB | 2.24 MiB/s   Writing objects:  89% (96/107), 12.13 MiB | 2.24 MiB/s   Writing objects:  90% (97/107), 12.13 MiB | 2.24 MiB/s   Writing objects:  91% (98/107), 12.13 MiB | 2.24 MiB/s   Writing objects:  92% (99/107), 12.13 MiB | 2.24 MiB/s   Writing objects:  93% (100/107), 12.13 MiB | 2.24 MiB/s   Writing objects:  94% (101/107), 12.13 MiB | 2.24 MiB/s   Writing objects:  95% (102/107), 12.13 MiB | 2.24 MiB/s   Writing objects:  96% (103/107), 12.13 MiB | 2.24 MiB/s   Writing objects:  97% (104/107), 12.13 MiB | 2.24 MiB/s   Writing objects:  98% (105/107), 12.13 MiB | 2.24 MiB/s   Writing objects:  99% (106/107), 12.13 MiB | 2.24 MiB/s   Writing objects: 100% (107/107), 12.13 MiB | 2.24 MiB/s   Writing objects: 100% (107/107), 13.11 MiB | 1.68 MiB/s, done.
Total 107 (delta 19), reused 18 (delta 0)
remote: Resolving deltas:   0% (0/19)   [Kremote: Resolving deltas:  10% (2/19)   [Kremote: Resolving deltas:  21% (4/19)   [Kremote: Resolving deltas:  31% (6/19)   [Kremote: Resolving deltas:  57% (11/19)   [Kremote: Resolving deltas:  68% (13/19)   [Kremote: Resolving deltas:  78% (15/19)   [Kremote: Resolving deltas:  89% (17/19)   [Kremote: Resolving deltas:  94% (18/19)   [Kremote: Resolving deltas: 100% (19/19)   [Kremote: Resolving deltas: 100% (19/19), done.[K
To https://github.com/samirLOV1/AWIPEV-CO2-git.git
   a64f457..1f4e904  master -> master
]0;~/not_synced_git/AWIPEV-CO2-gitMacBook-Pro-de-Samir-2:AWIPEV-CO2-git samir$ git fetch
]0;~/not_synced_git/AWIPEV-CO2-gitMacBook-Pro-de-Samir-2:AWIPEV-CO2-git samir$ git remote -v
Awipev	https://github.com/jpgattuso/AWIPEV-CO2-git.git (fetch)
Awipev	https://github.com/jpgattuso/AWIPEV-CO2-git.git (push)
origin	https://github.com/samirLOV1/AWIPEV-CO2-git.git (fetch)
origin	https://github.com/samirLOV1/AWIPEV-CO2-git.git (push)
]0;~/not_synced_git/AWIPEV-CO2-gitMacBook-Pro-de-Samir-2:AWIPEV-CO2-git samir$ [KMacBook-Pro-de-Samir-2:AWIPEV-CO2-git samir$ git pull [K[K[K[K[Kstatus
On branch master
Your branch is up to date with 'origin/master'.

Changes not staged for commit:
  (use "git add <file>..." to update what will be committed)
  (use "git checkout -- <file>..." to discard changes in working directory)

	[31mmodified:   .Rproj.user/8CD7EAF3/console06/D159EF1D[m
	[31mmodified:   .Rproj.user/8CD7EAF3/console06/INDEX001[m
	[31mmodified:   .Rproj.user/8CD7EAF3/sources/prop/4F48A00B[m
	[31mmodified:   .Rproj.user/8CD7EAF3/sources/s-28B25282/5207EE9D[m
	[31mmodified:   .Rproj.user/shared/notebooks/EA182F0D-awipev-CO2/1/8CD7EAF328B25282/chunks.json[m
	[31mmodified:   .Rproj.user/shared/notebooks/EA182F0D-awipev-CO2/1/s/c378jv0mpoty8/000003.png[m
	[31mmodified:   .Rproj.user/shared/notebooks/EA182F0D-awipev-CO2/1/s/cf173a7nacalb/000005.png[m
	[31mmodified:   .Rproj.user/shared/notebooks/EA182F0D-awipev-CO2/1/s/cup1fyy4w2rau/000005.png[m

no changes added to commit (use "git add" and/or "git commit -a")
]0;~/not_synced_git/AWIPEV-CO2-gitMacBook-Pro-de-Samir-2:AWIPEV-CO2-git samir$ git pull Awipev master
remote: Enumerating objects: 11, done.[K
remote: Counting objects:   9% (1/11)   [Kremote: Counting objects:  18% (2/11)   [Kremote: Counting objects:  27% (3/11)   [Kremote: Counting objects:  36% (4/11)   [Kremote: Counting objects:  45% (5/11)   [Kremote: Counting objects:  54% (6/11)   [Kremote: Counting objects:  63% (7/11)   [Kremote: Counting objects:  72% (8/11)   [Kremote: Counting objects:  81% (9/11)   [Kremote: Counting objects:  90% (10/11)   [Kremote: Counting objects: 100% (11/11)   [Kremote: Counting objects: 100% (11/11), done.[K
Unpacking objects:   3% (1/26)   Unpacking objects:   7% (2/26)   Unpacking objects:  11% (3/26)   Unpacking objects:  15% (4/26)   Unpacking objects:  19% (5/26)   Unpacking objects:  23% (6/26)   Unpacking objects:  26% (7/26)   Unpacking objects:  30% (8/26)   Unpacking objects:  34% (9/26)   Unpacking objects:  38% (10/26)   Unpacking objects:  42% (11/26)   Unpacking objects:  46% (12/26)   Unpacking objects:  50% (13/26)   Unpacking objects:  53% (14/26)   Unpacking objects:  57% (15/26)   Unpacking objects:  61% (16/26)   Unpacking objects:  65% (17/26)   Unpacking objects:  69% (18/26)   Unpacking objects:  73% (19/26)   Unpacking objects:  76% (20/26)   Unpacking objects:  80% (21/26)   Unpacking objects:  84% (22/26)   Unpacking objects:  88% (23/26)   Unpacking objects:  92% (24/26)   remote: Total 26 (delta 11), reused 11 (delta 11), pack-reused 15[K
Unpacking objects:  96% (25/26)   Unpacking objects: 100% (26/26)   Unpacking objects: 100% (26/26), done.
From https://github.com/jpgattuso/AWIPEV-CO2-git
 * branch            master     -> FETCH_HEAD
   b366977..182ba24  master     -> Awipev/master
Updating 1f4e904..182ba24
Fast-forward
 .Rproj.user/shared/notebooks/paths                      |     9 [32m+[m[31m-[m
 .gitignore                                              |    40 [32m+[m
 awipev-CO2.Rmd                                          |    80 [32m+[m[31m-[m
 awipev-CO2.html                                         |   721 [31m--[m
 figures/Diff_ref_TA_first_period.png                    |   Bin [31m0[m -> [32m157665[m bytes
 figures/Diff_ref_TA_third_period.png                    |   Bin [31m0[m -> [32m175020[m bytes
 figures/Discrete_TA_salinity_AWIPEV.png                 |   Bin [31m0[m -> [32m219911[m bytes
 figures/TA_calibration_CRM.png                          |   Bin [31m0[m -> [32m230891[m bytes
 figures/delta_at_awipev_snapo.png                       |   Bin [31m0[m -> [32m144176[m bytes
 figures/delta_ct_awipev_snapo.png                       |   Bin [31m0[m -> [32m144360[m bytes
 figures/pco2calc_pCO2_contros.png                       |   Bin [31m0[m -> [32m245693[m bytes
 libs/remark-css-0.0.1/default-fonts.css                 |    10 [32m+[m
 libs/remark-css-0.0.1/default.css                       |    72 [32m+[m
 libs/remark-css/default-fonts.css                       |    10 [32m+[m
 libs/remark-css/default.css                             |    72 [32m+[m
 presentation/awipev-CO2_pres.Rmd                        |   401 [32m+[m
 presentation/awipev-CO2_pres.html                       |   226 [32m+[m
 presentation/awipev-CO2_pres_2019-02-19.Rmd             |   317 [32m+[m
 presentation/awipev-CO2_pres_2019-02-19.html            |   153 [32m+[m
 .../dygraphs-binding/dygraphs.js                        |   789 [32m++[m
 .../dygraphs/dygraph-combined-dev.js                    | 12172 [32m+++++++++++++++++++++[m
 .../dygraphs/dygraph-combined.js                        |     6 [32m+[m
 .../dygraphs/dygraph.css                                |     8 [32m+[m
 .../awipev-CO2_pres_2019-02-19_files/dygraphs/shapes.js |   123 [32m+[m
 .../dygraphs-1.1.1/dygraph-combined-dev.js              | 12172 [32m+++++++++++++++++++++[m
 .../dygraphs_libs/dygraphs-1.1.1/dygraph-combined.js    |     6 [32m+[m
 .../widgets/dygraphs_libs/dygraphs-1.1.1/dygraph.css    |     8 [32m+[m
 .../widgets/dygraphs_libs/dygraphs-1.1.1/shapes.js      |   123 [32m+[m
 .../dygraphs_libs/dygraphs-binding-1.1.1.6/dygraphs.js  |   789 [32m++[m
 .../widgets/dygraphs_libs/dygraphs-binding/dygraphs.js  |   789 [32m++[m
 .../dygraphs_libs/dygraphs/dygraph-combined-dev.js      | 12172 [32m+++++++++++++++++++++[m
 .../widgets/dygraphs_libs/dygraphs/dygraph-combined.js  |     6 [32m+[m
 .../widgets/dygraphs_libs/dygraphs/dygraph.css          |     8 [32m+[m
 .../widgets/dygraphs_libs/dygraphs/shapes.js            |   123 [32m+[m
 .../dygraphs_libs/htmlwidgets-1.3/htmlwidgets.js        |   839 [32m++[m
 .../widgets/dygraphs_libs/htmlwidgets/htmlwidgets.js    |   839 [32m++[m
 .../widgets/dygraphs_libs/jquery-1.11.1/AUTHORS.txt     |   217 [32m+[m
 .../widgets/dygraphs_libs/jquery-1.11.1/jquery.min.js   |     4 [32m+[m
 .../widgets/dygraphs_libs/jquery/AUTHORS.txt            |   217 [32m+[m
 .../widgets/dygraphs_libs/jquery/jquery.min.js          |     4 [32m+[m
 .../moment-2.8.4/moment-timezone-with-data.js           |   990 [32m++[m
 .../widgets/dygraphs_libs/moment-2.8.4/moment.js        |  2936 [32m+++++[m
 .../moment-fquarter-1.0.0/moment-fquarter.min.js        |     1 [32m+[m
 .../moment-fquarter/moment-fquarter.min.js              |     1 [32m+[m
 .../moment-timezone-0.2.5/moment-timezone-with-data.js  |   990 [32m++[m
 .../dygraphs_libs/moment-timezone-0.2.5/moment.js       |  2936 [32m+++++[m
 .../moment-timezone/moment-timezone-with-data.js        |   990 [32m++[m
 .../widgets/dygraphs_libs/moment-timezone/moment.js     |  2936 [32m+++++[m
 .../dygraphs_libs/moment/moment-timezone-with-data.js   |   990 [32m++[m
 .../figure-html/widgets/dygraphs_libs/moment/moment.js  |  2936 [32m+++++[m
 .../widgets/dygraphs_libs/pymjs-1.3.2/pym.v1.js         |  1116 [32m++[m
 .../widgets/dygraphs_libs/pymjs-1.3.2/pym.v1.min.js     |     3 [32m+[m
 .../figure-html/widgets/dygraphs_libs/pymjs/pym.v1.js   |  1116 [32m++[m
 .../widgets/dygraphs_libs/pymjs/pym.v1.min.js           |     3 [32m+[m
 .../figure-html/widgets/widget_at.html                  |    27 [32m+[m
 .../figure-html/widgets/widget_pCO2.html                |    27 [32m+[m
 .../figure-html/widgets/widget_seafet.html              |    27 [32m+[m
 .../figure-html/widgets/widget_whole time series.html   |    27 [32m+[m
 .../htmlwidgets/htmlwidgets.js                          |   839 [32m++[m
 .../awipev-CO2_pres_2019-02-19_files/jquery/AUTHORS.txt |   217 [32m+[m
 .../jquery/jquery.min.js                                |     4 [32m+[m
 .../moment-fquarter/moment-fquarter.min.js              |     1 [32m+[m
 .../moment-timezone/moment-timezone-with-data.js        |   990 [32m++[m
 .../moment-timezone/moment.js                           |  2936 [32m+++++[m
 .../moment/moment-timezone-with-data.js                 |   990 [32m++[m
 .../awipev-CO2_pres_2019-02-19_files/moment/moment.js   |  2936 [32m+++++[m
 .../remark-css/default-fonts.css                        |    10 [32m+[m
 .../remark-css/default.css                              |    72 [32m+[m
 .../dygraphs-1.1.1/dygraph-combined-dev.js              | 12172 [32m+++++++++++++++++++++[m
 .../dygraphs_libs/dygraphs-1.1.1/dygraph-combined.js    |     6 [32m+[m
 .../widgets/dygraphs_libs/dygraphs-1.1.1/dygraph.css    |     8 [32m+[m
 .../widgets/dygraphs_libs/dygraphs-1.1.1/shapes.js      |   123 [32m+[m
 .../dygraphs_libs/dygraphs-binding-1.1.1.6/dygraphs.js  |   789 [32m++[m
 .../dygraphs_libs/htmlwidgets-1.3/htmlwidgets.js        |   839 [32m++[m
 .../widgets/dygraphs_libs/jquery-1.11.1/AUTHORS.txt     |   217 [32m+[m
 .../widgets/dygraphs_libs/jquery-1.11.1/jquery.min.js   |     4 [32m+[m
 .../moment-2.8.4/moment-timezone-with-data.js           |   990 [32m++[m
 .../widgets/dygraphs_libs/moment-2.8.4/moment.js        |  2936 [32m+++++[m
 .../moment-fquarter-1.0.0/moment-fquarter.min.js        |     1 [32m+[m
 .../moment-timezone-0.2.5/moment-timezone-with-data.js  |   990 [32m++[m
 .../dygraphs_libs/moment-timezone-0.2.5/moment.js       |  2936 [32m+++++[m
 .../widgets/dygraphs_libs/pymjs-1.3.2/pym.v1.js         |  1116 [32m++[m
 .../widgets/dygraphs_libs/pymjs-1.3.2/pym.v1.min.js     |     3 [32m+[m
 .../widgets/widget_Plot TA calc TA meas.html            |    27 [32m+[m
 .../figure-html/widgets/widget_Plot seafet meas.html    |    27 [32m+[m
 .../figure-html/widgets/widget_at.html                  |    27 [32m+[m
 .../figure-html/widgets/widget_comparing pH.html        |    27 [32m+[m
 .../figure-html/widgets/widget_durafet.html             |    27 [32m+[m
 .../figure-html/widgets/widget_pCO2.html                |    27 [32m+[m
 .../figure-html/widgets/widget_seafet final.html        |    27 [32m+[m
 .../figure-html/widgets/widget_seafet.html              |    27 [32m+[m
 .../awipev_2019-02-19-figure/unnamed-chunk-2-1.png      |   Bin [31m0[m -> [32m22080[m bytes
 presentation/images/AWIPEV-Logo.jpg                     |   Bin [31m0[m -> [32m52299[m bytes
 presentation/images/container.png                       |   Bin [31m0[m -> [32m1556268[m bytes
 presentation/images/ferrybox.jpg                        |   Bin [31m0[m -> [32m356719[m bytes
 presentation/images/seafet.png                          |   Bin [31m0[m -> [32m542432[m bytes
 presentation/images/steinacher.png                      |   Bin [31m0[m -> [32m81740[m bytes
 presentation/images/web_page.png                        |   Bin [31m0[m -> [32m435625[m bytes
 presentation/images/web_page_cropped.png                |   Bin [31m0[m -> [32m228641[m bytes
 presentation/images/web_page_medium.png                 |   Bin [31m0[m -> [32m286015[m bytes
 presentation/images/web_page_small.png                  |   Bin [31m0[m -> [32m68108[m bytes
 .../libs/dygraphs-1.1.1/dygraph-combined-dev.js         | 12172 [32m+++++++++++++++++++++[m
 presentation/libs/dygraphs-1.1.1/dygraph-combined.js    |     6 [32m+[m
 presentation/libs/dygraphs-1.1.1/dygraph.css            |     8 [32m+[m
 presentation/libs/dygraphs-1.1.1/shapes.js              |   123 [32m+[m
 presentation/libs/dygraphs-binding-1.1.1.6/dygraphs.js  |   789 [32m++[m
 presentation/libs/dygraphs-binding/dygraphs.js          |   789 [32m++[m
 presentation/libs/dygraphs/dygraph-combined-dev.js      | 12172 [32m+++++++++++++++++++++[m
 presentation/libs/dygraphs/dygraph-combined.js          |     6 [32m+[m
 presentation/libs/dygraphs/dygraph.css                  |     8 [32m+[m
 presentation/libs/dygraphs/shapes.js                    |   123 [32m+[m
 presentation/libs/htmlwidgets-1.3/htmlwidgets.js        |   839 [32m++[m
 presentation/libs/htmlwidgets/htmlwidgets.js            |   839 [32m++[m
 presentation/libs/jquery-1.11.1/AUTHORS.txt             |   217 [32m+[m
 presentation/libs/jquery-1.11.1/jquery.min.js           |     4 [32m+[m
 presentation/libs/jquery/AUTHORS.txt                    |   217 [32m+[m
 presentation/libs/jquery/jquery.min.js                  |     4 [32m+[m
 .../libs/moment-2.8.4/moment-timezone-with-data.js      |   990 [32m++[m
 presentation/libs/moment-2.8.4/moment.js                |  2936 [32m+++++[m
 .../libs/moment-fquarter-1.0.0/moment-fquarter.min.js   |     1 [32m+[m
 .../libs/moment-fquarter/moment-fquarter.min.js         |     1 [32m+[m
 .../moment-timezone-0.2.5/moment-timezone-with-data.js  |   990 [32m++[m
 presentation/libs/moment-timezone-0.2.5/moment.js       |  2936 [32m+++++[m
 .../libs/moment-timezone/moment-timezone-with-data.js   |   990 [32m++[m
 presentation/libs/moment-timezone/moment.js             |  2936 [32m+++++[m
 presentation/libs/moment/moment-timezone-with-data.js   |   990 [32m++[m
 presentation/libs/moment/moment.js                      |  2936 [32m+++++[m
 presentation/libs/pymjs-1.3.2/pym.v1.js                 |  1116 [32m++[m
 presentation/libs/pymjs-1.3.2/pym.v1.min.js             |     3 [32m+[m
 presentation/libs/pymjs/pym.v1.js                       |  1116 [32m++[m
 presentation/libs/pymjs/pym.v1.min.js                   |     3 [32m+[m
 presentation/libs/remark-css-0.0.1/default-fonts.css    |    10 [32m+[m
 presentation/libs/remark-css-0.0.1/default.css          |    72 [32m+[m
 presentation/libs/remark-css/default-fonts.css          |    10 [32m+[m
 presentation/libs/remark-css/default.css                |    72 [32m+[m
 .../libs/widgetframe-binding-0.3.1/widgetframe.js       |    21 [32m+[m
 presentation/libs/widgetframe-binding/widgetframe.js    |    21 [32m+[m
 presentation/xaringan.Rmd                               |   620 [32m++[m
 presentation/xaringan.html                              |   777 [32m++[m
 wolf.csv                                                |  5006 [32m+++++++++[m
 140 files changed, 146045 insertions(+), 742 deletions(-)
 create mode 100644 .gitignore
 delete mode 100644 awipev-CO2.html
 create mode 100644 figures/Diff_ref_TA_first_period.png
 create mode 100644 figures/Diff_ref_TA_third_period.png
 create mode 100644 figures/Discrete_TA_salinity_AWIPEV.png
 create mode 100644 figures/TA_calibration_CRM.png
 create mode 100644 figures/delta_at_awipev_snapo.png
 create mode 100644 figures/delta_ct_awipev_snapo.png
 create mode 100644 figures/pco2calc_pCO2_contros.png
 create mode 100644 libs/remark-css-0.0.1/default-fonts.css
 create mode 100644 libs/remark-css-0.0.1/default.css
 create mode 100644 libs/remark-css/default-fonts.css
 create mode 100644 libs/remark-css/default.css
 create mode 100644 presentation/awipev-CO2_pres.Rmd
 create mode 100644 presentation/awipev-CO2_pres.html
 create mode 100644 presentation/awipev-CO2_pres_2019-02-19.Rmd
 create mode 100644 presentation/awipev-CO2_pres_2019-02-19.html
 create mode 100644 presentation/awipev-CO2_pres_2019-02-19_files/dygraphs-binding/dygraphs.js
 create mode 100644 presentation/awipev-CO2_pres_2019-02-19_files/dygraphs/dygraph-combined-dev.js
 create mode 100644 presentation/awipev-CO2_pres_2019-02-19_files/dygraphs/dygraph-combined.js
 create mode 100644 presentation/awipev-CO2_pres_2019-02-19_files/dygraphs/dygraph.css
 create mode 100644 presentation/awipev-CO2_pres_2019-02-19_files/dygraphs/shapes.js
 create mode 100644 presentation/awipev-CO2_pres_2019-02-19_files/figure-html/widgets/dygraphs_libs/dygraphs-1.1.1/dygraph-combined-dev.js
 create mode 100644 presentation/awipev-CO2_pres_2019-02-19_files/figure-html/widgets/dygraphs_libs/dygraphs-1.1.1/dygraph-combined.js
 create mode 100644 presentation/awipev-CO2_pres_2019-02-19_files/figure-html/widgets/dygraphs_libs/dygraphs-1.1.1/dygraph.css
 create mode 100644 presentation/awipev-CO2_pres_2019-02-19_files/figure-html/widgets/dygraphs_libs/dygraphs-1.1.1/shapes.js
 create mode 100644 presentation/awipev-CO2_pres_2019-02-19_files/figure-html/widgets/dygraphs_libs/dygraphs-binding-1.1.1.6/dygraphs.js
 create mode 100644 presentation/awipev-CO2_pres_2019-02-19_files/figure-html/widgets/dygraphs_libs/dygraphs-binding/dygraphs.js
 create mode 100644 presentation/awipev-CO2_pres_2019-02-19_files/figure-html/widgets/dygraphs_libs/dygraphs/dygraph-combined-dev.js
 create mode 100644 presentation/awipev-CO2_pres_2019-02-19_files/figure-html/widgets/dygraphs_libs/dygraphs/dygraph-combined.js
 create mode 100644 presentation/awipev-CO2_pres_2019-02-19_files/figure-html/widgets/dygraphs_libs/dygraphs/dygraph.css
 create mode 100644 presentation/awipev-CO2_pres_2019-02-19_files/figure-html/widgets/dygraphs_libs/dygraphs/shapes.js
 create mode 100644 presentation/awipev-CO2_pres_2019-02-19_files/figure-html/widgets/dygraphs_libs/htmlwidgets-1.3/htmlwidgets.js
 create mode 100644 presentation/awipev-CO2_pres_2019-02-19_files/figure-html/widgets/dygraphs_libs/htmlwidgets/htmlwidgets.js
 create mode 100644 presentation/awipev-CO2_pres_2019-02-19_files/figure-html/widgets/dygraphs_libs/jquery-1.11.1/AUTHORS.txt
 create mode 100644 presentation/awipev-CO2_pres_2019-02-19_files/figure-html/widgets/dygraphs_libs/jquery-1.11.1/jquery.min.js
 create mode 100644 presentation/awipev-CO2_pres_2019-02-19_files/figure-html/widgets/dygraphs_libs/jquery/AUTHORS.txt
 create mode 100644 presentation/awipev-CO2_pres_2019-02-19_files/figure-html/widgets/dygraphs_libs/jquery/jquery.min.js
 create mode 100644 presentation/awipev-CO2_pres_2019-02-19_files/figure-html/widgets/dygraphs_libs/moment-2.8.4/moment-timezone-with-data.js
 create mode 100644 presentation/awipev-CO2_pres_2019-02-19_files/figure-html/widgets/dygraphs_libs/moment-2.8.4/moment.js
 create mode 100644 presentation/awipev-CO2_pres_2019-02-19_files/figure-html/widgets/dygraphs_libs/moment-fquarter-1.0.0/moment-fquarter.min.js
 create mode 100644 presentation/awipev-CO2_pres_2019-02-19_files/figure-html/widgets/dygraphs_libs/moment-fquarter/moment-fquarter.min.js
 create mode 100644 presentation/awipev-CO2_pres_2019-02-19_files/figure-html/widgets/dygraphs_libs/moment-timezone-0.2.5/moment-timezone-with-data.js
 create mode 100644 presentation/awipev-CO2_pres_2019-02-19_files/figure-html/widgets/dygraphs_libs/moment-timezone-0.2.5/moment.js
 create mode 100644 presentation/awipev-CO2_pres_2019-02-19_files/figure-html/widgets/dygraphs_libs/moment-timezone/moment-timezone-with-data.js
 create mode 100644 presentation/awipev-CO2_pres_2019-02-19_files/figure-html/widgets/dygraphs_libs/moment-timezone/moment.js
 create mode 100644 presentation/awipev-CO2_pres_2019-02-19_files/figure-html/widgets/dygraphs_libs/moment/moment-timezone-with-data.js
 create mode 100644 presentation/awipev-CO2_pres_2019-02-19_files/figure-html/widgets/dygraphs_libs/moment/moment.js
 create mode 100644 presentation/awipev-CO2_pres_2019-02-19_files/figure-html/widgets/dygraphs_libs/pymjs-1.3.2/pym.v1.js
 create mode 100644 presentation/awipev-CO2_pres_2019-02-19_files/figure-html/widgets/dygraphs_libs/pymjs-1.3.2/pym.v1.min.js
 create mode 100644 presentation/awipev-CO2_pres_2019-02-19_files/figure-html/widgets/dygraphs_libs/pymjs/pym.v1.js
 create mode 100644 presentation/awipev-CO2_pres_2019-02-19_files/figure-html/widgets/dygraphs_libs/pymjs/pym.v1.min.js
 create mode 100644 presentation/awipev-CO2_pres_2019-02-19_files/figure-html/widgets/widget_at.html
 create mode 100644 presentation/awipev-CO2_pres_2019-02-19_files/figure-html/widgets/widget_pCO2.html
 create mode 100644 presentation/awipev-CO2_pres_2019-02-19_files/figure-html/widgets/widget_seafet.html
 create mode 100644 presentation/awipev-CO2_pres_2019-02-19_files/figure-html/widgets/widget_whole time series.html
 create mode 100644 presentation/awipev-CO2_pres_2019-02-19_files/htmlwidgets/htmlwidgets.js
 create mode 100644 presentation/awipev-CO2_pres_2019-02-19_files/jquery/AUTHORS.txt
 create mode 100644 presentation/awipev-CO2_pres_2019-02-19_files/jquery/jquery.min.js
 create mode 100644 presentation/awipev-CO2_pres_2019-02-19_files/moment-fquarter/moment-fquarter.min.js
 create mode 100644 presentation/awipev-CO2_pres_2019-02-19_files/moment-timezone/moment-timezone-with-data.js
 create mode 100644 presentation/awipev-CO2_pres_2019-02-19_files/moment-timezone/moment.js
 create mode 100644 presentation/awipev-CO2_pres_2019-02-19_files/moment/moment-timezone-with-data.js
 create mode 100644 presentation/awipev-CO2_pres_2019-02-19_files/moment/moment.js
 create mode 100644 presentation/awipev-CO2_pres_2019-02-19_files/remark-css/default-fonts.css
 create mode 100644 presentation/awipev-CO2_pres_2019-02-19_files/remark-css/default.css
 create mode 100644 presentation/awipev-CO2_pres_files/figure-html/widgets/dygraphs_libs/dygraphs-1.1.1/dygraph-combined-dev.js
 create mode 100644 presentation/awipev-CO2_pres_files/figure-html/widgets/dygraphs_libs/dygraphs-1.1.1/dygraph-combined.js
 create mode 100644 presentation/awipev-CO2_pres_files/figure-html/widgets/dygraphs_libs/dygraphs-1.1.1/dygraph.css
 create mode 100644 presentation/awipev-CO2_pres_files/figure-html/widgets/dygraphs_libs/dygraphs-1.1.1/shapes.js
 create mode 100644 presentation/awipev-CO2_pres_files/figure-html/widgets/dygraphs_libs/dygraphs-binding-1.1.1.6/dygraphs.js
 create mode 100644 presentation/awipev-CO2_pres_files/figure-html/widgets/dygraphs_libs/htmlwidgets-1.3/htmlwidgets.js
 create mode 100644 presentation/awipev-CO2_pres_files/figure-html/widgets/dygraphs_libs/jquery-1.11.1/AUTHORS.txt
 create mode 100644 presentation/awipev-CO2_pres_files/figure-html/widgets/dygraphs_libs/jquery-1.11.1/jquery.min.js
 create mode 100644 presentation/awipev-CO2_pres_files/figure-html/widgets/dygraphs_libs/moment-2.8.4/moment-timezone-with-data.js
 create mode 100644 presentation/awipev-CO2_pres_files/figure-html/widgets/dygraphs_libs/moment-2.8.4/moment.js
 create mode 100644 presentation/awipev-CO2_pres_files/figure-html/widgets/dygraphs_libs/moment-fquarter-1.0.0/moment-fquarter.min.js
 create mode 100644 presentation/awipev-CO2_pres_files/figure-html/widgets/dygraphs_libs/moment-timezone-0.2.5/moment-timezone-with-data.js
 create mode 100644 presentation/awipev-CO2_pres_files/figure-html/widgets/dygraphs_libs/moment-timezone-0.2.5/moment.js
 create mode 100644 presentation/awipev-CO2_pres_files/figure-html/widgets/dygraphs_libs/pymjs-1.3.2/pym.v1.js
 create mode 100644 presentation/awipev-CO2_pres_files/figure-html/widgets/dygraphs_libs/pymjs-1.3.2/pym.v1.min.js
 create mode 100644 presentation/awipev-CO2_pres_files/figure-html/widgets/widget_Plot TA calc TA meas.html
 create mode 100644 presentation/awipev-CO2_pres_files/figure-html/widgets/widget_Plot seafet meas.html
 create mode 100644 presentation/awipev-CO2_pres_files/figure-html/widgets/widget_at.html
 create mode 100644 presentation/awipev-CO2_pres_files/figure-html/widgets/widget_comparing pH.html
 create mode 100644 presentation/awipev-CO2_pres_files/figure-html/widgets/widget_durafet.html
 create mode 100644 presentation/awipev-CO2_pres_files/figure-html/widgets/widget_pCO2.html
 create mode 100644 presentation/awipev-CO2_pres_files/figure-html/widgets/widget_seafet final.html
 create mode 100644 presentation/awipev-CO2_pres_files/figure-html/widgets/widget_seafet.html
 create mode 100644 presentation/awipev_2019-02-19-figure/unnamed-chunk-2-1.png
 create mode 100644 presentation/images/AWIPEV-Logo.jpg
 create mode 100644 presentation/images/container.png
 create mode 100644 presentation/images/ferrybox.jpg
 create mode 100644 presentation/images/seafet.png
 create mode 100644 presentation/images/steinacher.png
 create mode 100644 presentation/images/web_page.png
 create mode 100644 presentation/images/web_page_cropped.png
 create mode 100644 presentation/images/web_page_medium.png
 create mode 100644 presentation/images/web_page_small.png
 create mode 100644 presentation/libs/dygraphs-1.1.1/dygraph-combined-dev.js
 create mode 100644 presentation/libs/dygraphs-1.1.1/dygraph-combined.js
 create mode 100644 presentation/libs/dygraphs-1.1.1/dygraph.css
 create mode 100644 presentation/libs/dygraphs-1.1.1/shapes.js
 create mode 100644 presentation/libs/dygraphs-binding-1.1.1.6/dygraphs.js
 create mode 100644 presentation/libs/dygraphs-binding/dygraphs.js
 create mode 100644 presentation/libs/dygraphs/dygraph-combined-dev.js
 create mode 100644 presentation/libs/dygraphs/dygraph-combined.js
 create mode 100644 presentation/libs/dygraphs/dygraph.css
 create mode 100644 presentation/libs/dygraphs/shapes.js
 create mode 100644 presentation/libs/htmlwidgets-1.3/htmlwidgets.js
 create mode 100644 presentation/libs/htmlwidgets/htmlwidgets.js
 create mode 100644 presentation/libs/jquery-1.11.1/AUTHORS.txt
 create mode 100644 presentation/libs/jquery-1.11.1/jquery.min.js
 create mode 100644 presentation/libs/jquery/AUTHORS.txt
 create mode 100644 presentation/libs/jquery/jquery.min.js
 create mode 100644 presentation/libs/moment-2.8.4/moment-timezone-with-data.js
 create mode 100644 presentation/libs/moment-2.8.4/moment.js
 create mode 100644 presentation/libs/moment-fquarter-1.0.0/moment-fquarter.min.js
 create mode 100644 presentation/libs/moment-fquarter/moment-fquarter.min.js
 create mode 100644 presentation/libs/moment-timezone-0.2.5/moment-timezone-with-data.js
 create mode 100644 presentation/libs/moment-timezone-0.2.5/moment.js
 create mode 100644 presentation/libs/moment-timezone/moment-timezone-with-data.js
 create mode 100644 presentation/libs/moment-timezone/moment.js
 create mode 100644 presentation/libs/moment/moment-timezone-with-data.js
 create mode 100644 presentation/libs/moment/moment.js
 create mode 100644 presentation/libs/pymjs-1.3.2/pym.v1.js
 create mode 100644 presentation/libs/pymjs-1.3.2/pym.v1.min.js
 create mode 100644 presentation/libs/pymjs/pym.v1.js
 create mode 100644 presentation/libs/pymjs/pym.v1.min.js
 create mode 100644 presentation/libs/remark-css-0.0.1/default-fonts.css
 create mode 100644 presentation/libs/remark-css-0.0.1/default.css
 create mode 100644 presentation/libs/remark-css/default-fonts.css
 create mode 100644 presentation/libs/remark-css/default.css
 create mode 100644 presentation/libs/widgetframe-binding-0.3.1/widgetframe.js
 create mode 100644 presentation/libs/widgetframe-binding/widgetframe.js
 create mode 100644 presentation/xaringan.Rmd
 create mode 100644 presentation/xaringan.html
 create mode 100644 wolf.csv
]0;~/not_synced_git/AWIPEV-CO2-gitMacBook-Pro-de-Samir-2:AWIPEV-CO2-git samir$ [KMacBook-Pro-de-Samir-2:AWIPEV-CO2-git samir$ git pull Awipev master
From https://github.com/jpgattuso/AWIPEV-CO2-git
 * branch            master     -> FETCH_HEAD
Already up to date.
]0;~/not_synced_git/AWIPEV-CO2-gitMacBook-Pro-de-Samir-2:AWIPEV-CO2-git samir$ git add -A
